// Jest Snapshot v1, https://goo.gl/fbAQLP

exports[`renders correctly 1`] = `
<div
  className="mt-2 card"
>
  <div
    className="card-body"
  >
    <form
      onSubmit={[Function]}
    >
      <div
        className="form-group"
      >
        <div
          className="d-flex justify-content-between"
        >
          <label>
            Topic
          </label>
          <div>
            <button
              className="mr-2 btn btn-secondary"
              disabled={false}
              onClick={[Function]}
              type="button"
            >
              Cancel
            </button>
            <button
              className="btn btn-primary mr-2"
              type="submit"
            >
              Submit
            </button>
            <button
              className="btn btn-warning"
              type="submit"
            >
              Submit and pay
            </button>
          </div>
        </div>
        <div
          className="d-flex space-between"
        >
          <input
            className="form-control w-25"
            maxLength={50}
            placeholder="A place for your topic..."
            required={true}
            type="text"
          />
          <h5
            className="ml-auto text-secondary font-md mt-2"
          >
            100
             PLN
          </h5>
        </div>
      </div>
      <div
        className="form-group"
      >
        <label>
          Description
        </label>
        <textarea
          className="form-control"
          maxLength={250}
          placeholder="What's on your mind?"
          required={true}
        />
      </div>
    </form>
  </div>
  <div
    className="list-group list-group-flush"
    onKeyDown={[Function]}
  >
    Loading
  </div>
</div>
`;
