// Jest Snapshot v1, https://goo.gl/fbAQLP

exports[`renders correctly 1`] = `
<div
  className="input-group"
>
  <input
    aria-label="Put your comment here"
    className="form-control"
    placeholder="Put your comment here"
  />
  <div
    className="input-group-append"
  >
    <button
      className="btn btn-primary"
      disabled={false}
      onClick={[Function]}
      type="button"
    >
      Reply
    </button>
  </div>
</div>
`;
